[    7300ms] [INFO] %cDownload the React DevTools for a better development experience: https://react.dev/link/react-devtools font-weight:bold @ http://localhost:3000/_next/static/chunks/0mwe_next_dist_084zzre._.js:2477
[    7395ms] [LOG] [HMR] connected @ http://localhost:3000/_next/static/chunks/0mwe_next_dist_084zzre._.js:2477
[    7610ms] [LOG] [Fast Refresh] rebuilding @ http://localhost:3000/_next/static/chunks/0mwe_next_dist_084zzre._.js:2477
[    8210ms] [WARNING] The width(-1) and height(-1) of chart should be greater than 0,
       please check the style of container, or the props width(100%) and height(100%),
       or add a minWidth(0) or minHeight(undefined) or use aspect(undefined) to control the
       height and width. @ http://localhost:3000/_next/static/chunks/0mwe_next_dist_084zzre._.js:2477
[    8211ms] [WARNING] The width(-1) and height(-1) of chart should be greater than 0,
       please check the style of container, or the props width(100%) and height(100%),
       or add a minWidth(0) or minHeight(undefined) or use aspect(undefined) to control the
       height and width. @ http://localhost:3000/_next/static/chunks/0mwe_next_dist_084zzre._.js:2477
[    8211ms] [WARNING] The width(-1) and height(-1) of chart should be greater than 0,
       please check the style of container, or the props width(100%) and height(100%),
       or add a minWidth(0) or minHeight(undefined) or use aspect(undefined) to control the
       height and width. @ http://localhost:3000/_next/static/chunks/0mwe_next_dist_084zzre._.js:2477
[    8211ms] [WARNING] The width(-1) and height(-1) of chart should be greater than 0,
       please check the style of container, or the props width(100%) and height(100%),
       or add a minWidth(0) or minHeight(undefined) or use aspect(undefined) to control the
       height and width. @ http://localhost:3000/_next/static/chunks/0mwe_next_dist_084zzre._.js:2477
[    8212ms] [WARNING] The width(-1) and height(-1) of chart should be greater than 0,
       please check the style of container, or the props width(100%) and height(100%),
       or add a minWidth(0) or minHeight(undefined) or use aspect(undefined) to control the
       height and width. @ http://localhost:3000/_next/static/chunks/0mwe_next_dist_084zzre._.js:2477
[    8212ms] [WARNING] The width(-1) and height(-1) of chart should be greater than 0,
       please check the style of container, or the props width(100%) and height(100%),
       or add a minWidth(0) or minHeight(undefined) or use aspect(undefined) to control the
       height and width. @ http://localhost:3000/_next/static/chunks/0mwe_next_dist_084zzre._.js:2477
[    8213ms] [WARNING] The width(-1) and height(-1) of chart should be greater than 0,
       please check the style of container, or the props width(100%) and height(100%),
       or add a minWidth(0) or minHeight(undefined) or use aspect(undefined) to control the
       height and width. @ http://localhost:3000/_next/static/chunks/0mwe_next_dist_084zzre._.js:2477
[    8213ms] [WARNING] The width(-1) and height(-1) of chart should be greater than 0,
       please check the style of container, or the props width(100%) and height(100%),
       or add a minWidth(0) or minHeight(undefined) or use aspect(undefined) to control the
       height and width. @ http://localhost:3000/_next/static/chunks/0mwe_next_dist_084zzre._.js:2477
[   10406ms] [LOG] [Fast Refresh] done in 2910ms @ http://localhost:3000/_next/static/chunks/0mwe_next_dist_084zzre._.js:2477
[  163263ms] [LOG] [Fast Refresh] rebuilding @ http://localhost:3000/_next/static/chunks/0mwe_next_dist_084zzre._.js:2477
[  163362ms] [LOG] [Fast Refresh] done in 200ms @ http://localhost:3000/_next/static/chunks/0mwe_next_dist_084zzre._.js:2477
[  185644ms] [LOG] [Fast Refresh] rebuilding @ http://localhost:3000/_next/static/chunks/0mwe_next_dist_084zzre._.js:2477
[  185666ms] [LOG] [Fast Refresh] done in 133ms @ http://localhost:3000/_next/static/chunks/0mwe_next_dist_084zzre._.js:2477
[  215718ms] [LOG] [Fast Refresh] rebuilding @ http://localhost:3000/_next/static/chunks/0mwe_next_dist_084zzre._.js:2477
[  215805ms] [LOG] [Fast Refresh] done in 190ms @ http://localhost:3000/_next/static/chunks/0mwe_next_dist_084zzre._.js:2477
[  638834ms] [LOG] [HMR] connected @ http://localhost:3000/_next/static/chunks/0mwe_next_dist_084zzre._.js:2477
[ 1509084ms] [ERROR] Failed to load resource: net::ERR_NAME_NOT_RESOLVED @ https://cmoddeduxeioqrtxvomt.supabase.co/rest/v1/sensor_readings?select=*&timestamp=gte.2026-05-10T08%3A18%3A30.001Z&order=timestamp.asc:0
[ 1509137ms] [ERROR] Failed to load resource: net::ERR_NAME_NOT_RESOLVED @ https://api.open-meteo.com/v1/forecast?latitude=45.7489&longitude=21.2087&hourly=cloudcover,precipitation_probability,temperature_2m,weathercode&daily=sunrise,sunset&timezone=Europe%2FBucharest&forecast_days=1:0
[ 1509159ms] [LOG] [HMR] connected @ http://localhost:3000/_next/static/chunks/0mwe_next_dist_084zzre._.js:2477
[ 1509161ms] [ERROR] Failed to load resource: net::ERR_NAME_NOT_RESOLVED @ https://cmoddeduxeioqrtxvomt.supabase.co/rest/v1/system_events?select=*&order=timestamp.desc&limit=10:0
[ 1509164ms] [ERROR] Failed to load resource: net::ERR_NAME_NOT_RESOLVED @ https://cmoddeduxeioqrtxvomt.supabase.co/rest/v1/device_status?select=*&order=device_name.asc:0
[ 1509165ms] [ERROR] Failed to load resource: net::ERR_NAME_NOT_RESOLVED @ https://cmoddeduxeioqrtxvomt.supabase.co/rest/v1/vision_results?select=*&order=timestamp.desc&limit=1:0
[ 1509165ms] [ERROR] Failed to load resource: net::ERR_NAME_NOT_RESOLVED @ https://cmoddeduxeioqrtxvomt.supabase.co/rest/v1/sensor_readings?select=*&order=timestamp.desc&limit=1:0
[ 1510104ms] [ERROR] Failed to load resource: net::ERR_NAME_NOT_RESOLVED @ https://cmoddeduxeioqrtxvomt.supabase.co/rest/v1/sensor_readings?select=*&timestamp=gte.2026-05-10T08%3A18%3A30.001Z&order=timestamp.asc:0
[ 1510183ms] [ERROR] Failed to load resource: net::ERR_NAME_NOT_RESOLVED @ https://cmoddeduxeioqrtxvomt.supabase.co/rest/v1/device_status?select=*&order=device_name.asc:0
[ 1510187ms] [ERROR] Failed to load resource: net::ERR_NAME_NOT_RESOLVED @ https://cmoddeduxeioqrtxvomt.supabase.co/rest/v1/system_events?select=*&order=timestamp.desc&limit=10:0
[ 1510187ms] [ERROR] Failed to load resource: net::ERR_NAME_NOT_RESOLVED @ https://cmoddeduxeioqrtxvomt.supabase.co/rest/v1/vision_results?select=*&order=timestamp.desc&limit=1:0
[ 1510188ms] [ERROR] Failed to load resource: net::ERR_NAME_NOT_RESOLVED @ https://cmoddeduxeioqrtxvomt.supabase.co/rest/v1/sensor_readings?select=*&order=timestamp.desc&limit=1:0
[ 1834850ms] [LOG] [HMR] connected @ http://localhost:3000/_next/static/chunks/0mwe_next_dist_084zzre._.js:2477
[ 1835004ms] [LOG] [Fast Refresh] rebuilding @ http://localhost:3000/_next/static/chunks/0mwe_next_dist_084zzre._.js:2477
[ 1837961ms] [LOG] [Fast Refresh] done in 3063ms @ http://localhost:3000/_next/static/chunks/0mwe_next_dist_084zzre._.js:2477
[ 1840885ms] [LOG] [Fast Refresh] rebuilding @ http://localhost:3000/_next/static/chunks/0mwe_next_dist_084zzre._.js:2477
[ 1840919ms] [LOG] [Fast Refresh] done in 136ms @ http://localhost:3000/_next/static/chunks/0mwe_next_dist_084zzre._.js:2477
[ 1851227ms] [LOG] [Fast Refresh] rebuilding @ http://localhost:3000/_next/static/chunks/0mwe_next_dist_084zzre._.js:2477
[ 1851253ms] [LOG] [Fast Refresh] done in 133ms @ http://localhost:3000/_next/static/chunks/0mwe_next_dist_084zzre._.js:2477
[ 1868390ms] [LOG] [Fast Refresh] rebuilding @ http://localhost:3000/_next/static/chunks/0mwe_next_dist_084zzre._.js:2477
[ 1871983ms] [LOG] [Fast Refresh] done in 3685ms @ http://localhost:3000/_next/static/chunks/0mwe_next_dist_084zzre._.js:2477
[ 1872093ms] [LOG] [Fast Refresh] rebuilding @ http://localhost:3000/_next/static/chunks/0mwe_next_dist_084zzre._.js:2477
[ 1872376ms] [LOG] [Fast Refresh] done in 391ms @ http://localhost:3000/_next/static/chunks/0mwe_next_dist_084zzre._.js:2477
[ 1872607ms] [LOG] [Fast Refresh] rebuilding @ http://localhost:3000/_next/static/chunks/0mwe_next_dist_084zzre._.js:2477
[ 1872808ms] [LOG] [Fast Refresh] done in 302ms @ http://localhost:3000/_next/static/chunks/0mwe_next_dist_084zzre._.js:2477
[ 1872911ms] [LOG] [Fast Refresh] rebuilding @ http://localhost:3000/_next/static/chunks/0mwe_next_dist_084zzre._.js:2477
[ 1872946ms] [LOG] [Fast Refresh] done in 133ms @ http://localhost:3000/_next/static/chunks/0mwe_next_dist_084zzre._.js:2477
[ 1873064ms] [LOG] [Fast Refresh] rebuilding @ http://localhost:3000/_next/static/chunks/0mwe_next_dist_084zzre._.js:2477
[ 1873261ms] [LOG] [Fast Refresh] done in 312ms @ http://localhost:3000/_next/static/chunks/0mwe_next_dist_084zzre._.js:2477
[ 1880011ms] [LOG] [Fast Refresh] rebuilding @ http://localhost:3000/_next/static/chunks/0mwe_next_dist_084zzre._.js:2477
[ 1880349ms] [LOG] [Fast Refresh] done in 152ms @ http://localhost:3000/_next/static/chunks/0mwe_next_dist_084zzre._.js:2477
[ 1902782ms] [LOG] [Fast Refresh] rebuilding @ http://localhost:3000/_next/static/chunks/0mwe_next_dist_084zzre._.js:2477
[ 1904836ms] [LOG] [Fast Refresh] done in 2010ms @ http://localhost:3000/_next/static/chunks/0mwe_next_dist_084zzre._.js:2477
[ 1904952ms] [LOG] [Fast Refresh] rebuilding @ http://localhost:3000/_next/static/chunks/0mwe_next_dist_084zzre._.js:2477
[ 1904962ms] [LOG] [Fast Refresh] done in 121ms @ http://localhost:3000/_next/static/chunks/0mwe_next_dist_084zzre._.js:2477
