[     140ms] [LOG] [Fast Refresh] rebuilding @ http://localhost:3000/_next/static/chunks/0mwe_next_dist_084zzre._.js:2477
[    1195ms] [LOG] [Fast Refresh] done in 1163ms @ http://localhost:3000/_next/static/chunks/0mwe_next_dist_084zzre._.js:2477
[    1382ms] [INFO] %cDownload the React DevTools for a better development experience: https://react.dev/link/react-devtools font-weight:bold @ http://localhost:3000/_next/static/chunks/0mwe_next_dist_084zzre._.js:2477
[    1420ms] [LOG] [HMR] connected @ http://localhost:3000/_next/static/chunks/0mwe_next_dist_084zzre._.js:2477
[    1636ms] [WARNING] The width(-1) and height(-1) of chart should be greater than 0,
       please check the style of container, or the props width(100%) and height(100%),
       or add a minWidth(0) or minHeight(undefined) or use aspect(undefined) to control the
       height and width. @ http://localhost:3000/_next/static/chunks/0mwe_next_dist_084zzre._.js:2477
[    1637ms] [WARNING] The width(-1) and height(-1) of chart should be greater than 0,
       please check the style of container, or the props width(100%) and height(100%),
       or add a minWidth(0) or minHeight(undefined) or use aspect(undefined) to control the
       height and width. @ http://localhost:3000/_next/static/chunks/0mwe_next_dist_084zzre._.js:2477
[    1638ms] [WARNING] The width(-1) and height(-1) of chart should be greater than 0,
       please check the style of container, or the props width(100%) and height(100%),
       or add a minWidth(0) or minHeight(undefined) or use aspect(undefined) to control the
       height and width. @ http://localhost:3000/_next/static/chunks/0mwe_next_dist_084zzre._.js:2477
[    1639ms] [WARNING] The width(-1) and height(-1) of chart should be greater than 0,
       please check the style of container, or the props width(100%) and height(100%),
       or add a minWidth(0) or minHeight(undefined) or use aspect(undefined) to control the
       height and width. @ http://localhost:3000/_next/static/chunks/0mwe_next_dist_084zzre._.js:2477
[    1640ms] [WARNING] The width(-1) and height(-1) of chart should be greater than 0,
       please check the style of container, or the props width(100%) and height(100%),
       or add a minWidth(0) or minHeight(undefined) or use aspect(undefined) to control the
       height and width. @ http://localhost:3000/_next/static/chunks/0mwe_next_dist_084zzre._.js:2477
[    1640ms] [WARNING] The width(-1) and height(-1) of chart should be greater than 0,
       please check the style of container, or the props width(100%) and height(100%),
       or add a minWidth(0) or minHeight(undefined) or use aspect(undefined) to control the
       height and width. @ http://localhost:3000/_next/static/chunks/0mwe_next_dist_084zzre._.js:2477
[    1642ms] [WARNING] The width(-1) and height(-1) of chart should be greater than 0,
       please check the style of container, or the props width(100%) and height(100%),
       or add a minWidth(0) or minHeight(undefined) or use aspect(undefined) to control the
       height and width. @ http://localhost:3000/_next/static/chunks/0mwe_next_dist_084zzre._.js:2477
[    1642ms] [WARNING] The width(-1) and height(-1) of chart should be greater than 0,
       please check the style of container, or the props width(100%) and height(100%),
       or add a minWidth(0) or minHeight(undefined) or use aspect(undefined) to control the
       height and width. @ http://localhost:3000/_next/static/chunks/0mwe_next_dist_084zzre._.js:2477
[  323132ms] [LOG] [HMR] connected @ http://localhost:3000/_next/static/chunks/0mwe_next_dist_084zzre._.js:2477
[  323181ms] [ERROR] Failed to load resource: net::ERR_NAME_NOT_RESOLVED @ https://cmoddeduxeioqrtxvomt.supabase.co/rest/v1/sensor_readings?select=*&order=timestamp.desc&limit=1:0
[  323181ms] [ERROR] Failed to load resource: net::ERR_NAME_NOT_RESOLVED @ https://cmoddeduxeioqrtxvomt.supabase.co/rest/v1/system_events?select=*&order=timestamp.desc&limit=10:0
[  323181ms] [ERROR] Failed to load resource: net::ERR_NAME_NOT_RESOLVED @ https://cmoddeduxeioqrtxvomt.supabase.co/rest/v1/sensor_readings?select=*&timestamp=gte.2026-05-10T08%3A30%3A30.149Z&order=timestamp.asc:0
[  323181ms] [ERROR] Failed to load resource: net::ERR_NAME_NOT_RESOLVED @ https://cmoddeduxeioqrtxvomt.supabase.co/rest/v1/device_status?select=*&order=device_name.asc:0
[  323184ms] [ERROR] Failed to load resource: net::ERR_NAME_NOT_RESOLVED @ https://cmoddeduxeioqrtxvomt.supabase.co/rest/v1/vision_results?select=*&order=timestamp.desc&limit=1:0
[  324187ms] [ERROR] Failed to load resource: net::ERR_NAME_NOT_RESOLVED @ https://cmoddeduxeioqrtxvomt.supabase.co/rest/v1/sensor_readings?select=*&timestamp=gte.2026-05-10T08%3A30%3A30.149Z&order=timestamp.asc:0
[  324187ms] [ERROR] Failed to load resource: net::ERR_NAME_NOT_RESOLVED @ https://cmoddeduxeioqrtxvomt.supabase.co/rest/v1/sensor_readings?select=*&order=timestamp.desc&limit=1:0
[  324187ms] [ERROR] Failed to load resource: net::ERR_NAME_NOT_RESOLVED @ https://cmoddeduxeioqrtxvomt.supabase.co/rest/v1/system_events?select=*&order=timestamp.desc&limit=10:0
[  324187ms] [ERROR] Failed to load resource: net::ERR_NAME_NOT_RESOLVED @ https://cmoddeduxeioqrtxvomt.supabase.co/rest/v1/device_status?select=*&order=device_name.asc:0
[  324187ms] [ERROR] Failed to load resource: net::ERR_NAME_NOT_RESOLVED @ https://cmoddeduxeioqrtxvomt.supabase.co/rest/v1/vision_results?select=*&order=timestamp.desc&limit=1:0
[ 3676297ms] [LOG] [HMR] connected @ http://localhost:3000/_next/static/chunks/0mwe_next_dist_084zzre._.js:2477
[ 3746380ms] [LOG] [HMR] connected @ http://localhost:3000/_next/static/chunks/0mwe_next_dist_084zzre._.js:2477
[ 3799954ms] [LOG] [Fast Refresh] rebuilding @ http://localhost:3000/_next/static/chunks/0mwe_next_dist_084zzre._.js:2477
[ 3800248ms] [LOG] [Fast Refresh] done in 410ms @ http://localhost:3000/_next/static/chunks/0mwe_next_dist_084zzre._.js:2477
[ 3809186ms] [LOG] [Fast Refresh] rebuilding @ http://localhost:3000/_next/static/chunks/0mwe_next_dist_084zzre._.js:2477
[ 3809308ms] [LOG] [Fast Refresh] done in 224ms @ http://localhost:3000/_next/static/chunks/0mwe_next_dist_084zzre._.js:2477
[ 4496324ms] [ERROR] Failed to load resource: net::ERR_NAME_NOT_RESOLVED @ https://cmoddeduxeioqrtxvomt.supabase.co/rest/v1/sensor_readings?select=*&timestamp=gte.2026-05-10T09%3A40%3A03.157Z&order=timestamp.asc:0
[ 4496326ms] [LOG] [HMR] connected @ http://localhost:3000/_next/static/chunks/0mwe_next_dist_084zzre._.js:2477
[ 4496326ms] [ERROR] Failed to load resource: net::ERR_NAME_NOT_RESOLVED @ https://cmoddeduxeioqrtxvomt.supabase.co/rest/v1/sensor_readings?select=*&order=timestamp.desc&limit=1:0
[ 4496326ms] [ERROR] Failed to load resource: net::ERR_NAME_NOT_RESOLVED @ https://cmoddeduxeioqrtxvomt.supabase.co/rest/v1/system_events?select=*&order=timestamp.desc&limit=10:0
[ 4496326ms] [ERROR] Failed to load resource: net::ERR_NAME_NOT_RESOLVED @ https://cmoddeduxeioqrtxvomt.supabase.co/rest/v1/device_status?select=*&order=device_name.asc:0
[ 4496326ms] [ERROR] Failed to load resource: net::ERR_NAME_NOT_RESOLVED @ https://cmoddeduxeioqrtxvomt.supabase.co/rest/v1/vision_results?select=*&order=timestamp.desc&limit=1:0
[ 4497337ms] [ERROR] Failed to load resource: net::ERR_NAME_NOT_RESOLVED @ https://cmoddeduxeioqrtxvomt.supabase.co/rest/v1/sensor_readings?select=*&timestamp=gte.2026-05-10T09%3A40%3A03.157Z&order=timestamp.asc:0
[ 4497343ms] [ERROR] Failed to load resource: net::ERR_NAME_NOT_RESOLVED @ https://cmoddeduxeioqrtxvomt.supabase.co/rest/v1/sensor_readings?select=*&order=timestamp.desc&limit=1:0
[ 4497350ms] [ERROR] Failed to load resource: net::ERR_NAME_NOT_RESOLVED @ https://cmoddeduxeioqrtxvomt.supabase.co/rest/v1/device_status?select=*&order=device_name.asc:0
[ 4497351ms] [ERROR] Failed to load resource: net::ERR_NAME_NOT_RESOLVED @ https://cmoddeduxeioqrtxvomt.supabase.co/rest/v1/system_events?select=*&order=timestamp.desc&limit=10:0
[ 4497370ms] [ERROR] Failed to load resource: net::ERR_NAME_NOT_RESOLVED @ https://cmoddeduxeioqrtxvomt.supabase.co/rest/v1/vision_results?select=*&order=timestamp.desc&limit=1:0
[ 4682023ms] [LOG] [HMR] connected @ http://localhost:3000/_next/static/chunks/0mwe_next_dist_084zzre._.js:2477
[ 5434479ms] [LOG] [HMR] connected @ http://localhost:3000/_next/static/chunks/0mwe_next_dist_084zzre._.js:2477
[ 5593505ms] [LOG] [HMR] connected @ http://localhost:3000/_next/static/chunks/0mwe_next_dist_084zzre._.js:2477
[ 5937434ms] [LOG] [HMR] connected @ http://localhost:3000/_next/static/chunks/0mwe_next_dist_084zzre._.js:2477
[ 5937566ms] [LOG] [Fast Refresh] rebuilding @ http://localhost:3000/_next/static/chunks/0mwe_next_dist_084zzre._.js:2477
[ 5937641ms] [LOG] [Fast Refresh] done in 176ms @ http://localhost:3000/_next/static/chunks/0mwe_next_dist_084zzre._.js:2477
[ 5938986ms] [LOG] [Fast Refresh] rebuilding @ http://localhost:3000/_next/static/chunks/0mwe_next_dist_084zzre._.js:2477
[ 5939065ms] [LOG] [Fast Refresh] done in 181ms @ http://localhost:3000/_next/static/chunks/0mwe_next_dist_084zzre._.js:2477
[ 6365167ms] [LOG] [HMR] connected @ http://localhost:3000/_next/static/chunks/0mwe_next_dist_084zzre._.js:2477
[ 6365190ms] [ERROR] Failed to load resource: net::ERR_NAME_NOT_RESOLVED @ https://cmoddeduxeioqrtxvomt.supabase.co/rest/v1/sensor_readings?select=*&timestamp=gte.2026-05-10T10%3A11%3A11.614Z&order=timestamp.asc:0
[ 6365191ms] [ERROR] Failed to load resource: net::ERR_NAME_NOT_RESOLVED @ https://cmoddeduxeioqrtxvomt.supabase.co/rest/v1/device_status?select=*&order=device_name.asc:0
[ 6365191ms] [ERROR] Failed to load resource: net::ERR_NAME_NOT_RESOLVED @ https://cmoddeduxeioqrtxvomt.supabase.co/rest/v1/sensor_readings?select=*&order=timestamp.desc&limit=1:0
[ 6365191ms] [ERROR] Failed to load resource: net::ERR_NAME_NOT_RESOLVED @ https://cmoddeduxeioqrtxvomt.supabase.co/rest/v1/system_events?select=*&order=timestamp.desc&limit=10:0
[ 6365191ms] [ERROR] Failed to load resource: net::ERR_NAME_NOT_RESOLVED @ https://cmoddeduxeioqrtxvomt.supabase.co/rest/v1/vision_results?select=*&order=timestamp.desc&limit=1:0
[25267563ms] [LOG] [HMR] connected @ http://localhost:3000/_next/static/chunks/0mwe_next_dist_084zzre._.js:2477
[25267799ms] [LOG] [Fast Refresh] rebuilding @ http://localhost:3000/_next/static/chunks/0mwe_next_dist_084zzre._.js:2477
[25271688ms] [LOG] [Fast Refresh] done in 4046ms @ http://localhost:3000/_next/static/chunks/0mwe_next_dist_084zzre._.js:2477
[25407856ms] [ERROR] Failed to load resource: net::ERR_CONNECTION_CLOSED @ https://cmoddeduxeioqrtxvomt.supabase.co/rest/v1/sensor_readings?select=*&order=timestamp.desc&limit=1:0
[25407856ms] [ERROR] Failed to load resource: net::ERR_CONNECTION_CLOSED @ https://cmoddeduxeioqrtxvomt.supabase.co/rest/v1/system_events?select=*&order=timestamp.desc&limit=10:0
[25407856ms] [ERROR] Failed to load resource: net::ERR_CONNECTION_CLOSED @ https://cmoddeduxeioqrtxvomt.supabase.co/rest/v1/device_status?select=*&order=device_name.asc:0
[25407857ms] [ERROR] Failed to load resource: net::ERR_CONNECTION_CLOSED @ https://cmoddeduxeioqrtxvomt.supabase.co/rest/v1/vision_results?select=*&order=timestamp.desc&limit=1:0
[25407857ms] [ERROR] Failed to load resource: net::ERR_CONNECTION_CLOSED @ https://cmoddeduxeioqrtxvomt.supabase.co/rest/v1/sensor_readings?select=*&timestamp=gte.2026-05-10T15%3A28%3A34.944Z&order=timestamp.asc:0
[26341512ms] [LOG] [HMR] connected @ http://localhost:3000/_next/static/chunks/0mwe_next_dist_084zzre._.js:2477
[26341857ms] [ERROR] Failed to load resource: net::ERR_NETWORK_IO_SUSPENDED @ https://cmoddeduxeioqrtxvomt.supabase.co/rest/v1/sensor_readings?select=*&timestamp=gte.2026-05-10T15%3A44%3A07.457Z&order=timestamp.asc:0
[26341858ms] [ERROR] Failed to load resource: net::ERR_NETWORK_IO_SUSPENDED @ https://cmoddeduxeioqrtxvomt.supabase.co/rest/v1/sensor_readings?select=*&order=timestamp.desc&limit=1:0
[26342773ms] [ERROR] Failed to load resource: net::ERR_NETWORK_IO_SUSPENDED @ https://cmoddeduxeioqrtxvomt.supabase.co/rest/v1/system_events?select=*&order=timestamp.desc&limit=10:0
[26342775ms] [ERROR] Failed to load resource: net::ERR_NETWORK_IO_SUSPENDED @ https://cmoddeduxeioqrtxvomt.supabase.co/rest/v1/device_status?select=*&order=device_name.asc:0
[26342776ms] [ERROR] Failed to load resource: net::ERR_NETWORK_IO_SUSPENDED @ https://cmoddeduxeioqrtxvomt.supabase.co/rest/v1/vision_results?select=*&order=timestamp.desc&limit=1:0
[30203830ms] [LOG] [Fast Refresh] rebuilding @ http://localhost:3000/_next/static/chunks/0mwe_next_dist_084zzre._.js:2477
[30203839ms] [ERROR] WebSocket connection to 'ws://localhost:3000/_next/webpack-hmr?id=euMBbgTLMWezqQtupDeUQ' failed: Error in connection establishment: net::ERR_NETWORK_IO_SUSPENDED @ http://localhost:3000/_next/static/chunks/0mwe_next_dist_client_0swrln_._.js:13322
[35527071ms] [LOG] [HMR] connected @ http://localhost:3000/_next/static/chunks/0mwe_next_dist_084zzre._.js:2477
[35527529ms] [LOG] [Fast Refresh] rebuilding @ http://localhost:3000/_next/static/chunks/0mwe_next_dist_084zzre._.js:2477
[35527531ms] [LOG] [Fast Refresh] done in 256ms @ http://localhost:3000/_next/static/chunks/0mwe_next_dist_084zzre._.js:2477
[35894822ms] [LOG] [Fast Refresh] rebuilding @ http://localhost:3000/_next/static/chunks/0mwe_next_dist_084zzre._.js:2477
[35896941ms] [LOG] [Fast Refresh] done in 340ms @ http://localhost:3000/_next/static/chunks/0mwe_next_dist_084zzre._.js:2477
[35900800ms] [LOG] [Fast Refresh] rebuilding @ http://localhost:3000/_next/static/chunks/0mwe_next_dist_084zzre._.js:2477
[35901135ms] [LOG] [Fast Refresh] done in 441ms @ http://localhost:3000/_next/static/chunks/0mwe_next_dist_084zzre._.js:2477
[35908431ms] [LOG] [Fast Refresh] rebuilding @ http://localhost:3000/_next/static/chunks/0mwe_next_dist_084zzre._.js:2477
[35909143ms] [LOG] [Fast Refresh] done in 673ms @ http://localhost:3000/_next/static/chunks/0mwe_next_dist_084zzre._.js:2477
[35909365ms] [LOG] [Fast Refresh] rebuilding @ http://localhost:3000/_next/static/chunks/0mwe_next_dist_084zzre._.js:2477
[35909626ms] [LOG] [Fast Refresh] done in 474ms @ http://localhost:3000/_next/static/chunks/0mwe_next_dist_084zzre._.js:2477
[35924551ms] [LOG] [Fast Refresh] rebuilding @ http://localhost:3000/_next/static/chunks/0mwe_next_dist_084zzre._.js:2477
[35924568ms] [LOG] [Fast Refresh] done in 131ms @ http://localhost:3000/_next/static/chunks/0mwe_next_dist_084zzre._.js:2477
[35942097ms] [LOG] [Fast Refresh] rebuilding @ http://localhost:3000/_next/static/chunks/0mwe_next_dist_084zzre._.js:2477
[35942552ms] [LOG] [Fast Refresh] done in 324ms @ http://localhost:3000/_next/static/chunks/0mwe_next_dist_084zzre._.js:2477
[35942876ms] [LOG] [Fast Refresh] rebuilding @ http://localhost:3000/_next/static/chunks/0mwe_next_dist_084zzre._.js:2477
[35943404ms] [LOG] [Fast Refresh] done in 632ms @ http://localhost:3000/_next/static/chunks/0mwe_next_dist_084zzre._.js:2477
[35943565ms] [LOG] [Fast Refresh] rebuilding @ http://localhost:3000/_next/static/chunks/0mwe_next_dist_084zzre._.js:2477
[35943757ms] [LOG] [Fast Refresh] done in 306ms @ http://localhost:3000/_next/static/chunks/0mwe_next_dist_084zzre._.js:2477
[35948918ms] [LOG] [Fast Refresh] rebuilding @ http://localhost:3000/_next/static/chunks/0mwe_next_dist_084zzre._.js:2477
[35949492ms] [ERROR] The final argument passed to %s changed size between renders. The order and size of this array must remain constant.

Previous: %s
Incoming: %s useEffect [async ()=>{
            const { locationLat: lat, locationLon: lon, timezone } = __TURBOPACK__imported__module__$5b$project$5d2f$Desktop$2f$solar$2d$dashboard$2f$src$2f$config$2f$solarConfig$2e$ts__$5b$app$2d$client$5d$__$28$ecmascript$29$__["SOLAR_CONFIG"].weather;
            const url = `https://api.open-meteo.com/v1/forecast` + `?latitude=${lat}&longitude=${lon}` + `&hourly=cloudcover,precipitation_probability,temperature_2m,weathercode` + `&daily=sunrise,sunset` + `&timezone=${encodeURIComponent(timezone)}&forecast_days=1`;
            try {
                const res = await fetch(url);
                if (!res.ok) return;
                const json = await res.json();
                const now = Date.now();
                let idx = json.hourly.time.findIndex({
                    "useWeatherData.useCallback[fetchWeather].idx": (t, i)=>{
                        const start = new Date(t).getTime();
                        const next = json.hourly.time[i + 1];
                        const end = next ? new Date(next).getTime() : start + 3_600_000;
                        return now >= start && now < end;
                    }
                }["useWeatherData.useCallback[fetchWeather].idx"]);
                if (idx === -1) idx = 0;
                const cloudCoverPercent = json.hourly.cloudcover[idx] ?? 0;
                const rainProbabilityPercent = json.hourly.precipitation_probability[idx] ?? 0;
                const temperatureC = json.hourly.temperature_2m[idx] ?? 0;
                const weatherCode = json.hourly.weathercode[idx] ?? 0;
                const sunrise = json.daily.sunrise[0];
                const sunset = json.daily.sunset[0];
                setData({
                    cloudCoverPercent,
                    rainProbabilityPercent,
                    temperatureC,
                    weatherCode,
                    weatherStatus: (0, __TURBOPACK__imported__module__$5b$project$5d2f$Desktop$2f$solar$2d$dashboard$2f$src$2f$lib$2f$solar$2f$weather$2e$ts__$5b$app$2d$client$5d$__$28$ecmascript$29$__["getWeatherStatus"])(weatherCode, cloudCoverPercent),
                    sunrise,
                    sunset,
                    solarNoon: (0, __TURBOPACK__imported__module__$5b$project$5d2f$Desktop$2f$solar$2d$dashboard$2f$src$2f$lib$2f$solar$2f$weather$2e$ts__$5b$app$2d$client$5d$__$28$ecmascript$29$__["computeSolarNoon"])(sunrise, sunset),
                    isDaytime: (0, __TURBOPACK__imported__module__$5b$project$5d2f$Desktop$2f$solar$2d$dashboard$2f$src$2f$lib$2f$solar$2f$weather$2e$ts__$5b$app$2d$client$5d$__$28$ecmascript$29$__["isDaytime"])(sunrise, sunset),
                    efficiencyWarning: (0, __TURBOPACK__imported__module__$5b$project$5d2f$Desktop$2f$solar$2d$dashboard$2f$src$2f$lib$2f$solar$2f$weather$2e$ts__$5b$app$2d$client$5d$__$28$ecmascript$29$__["getEfficiencyWarning"])(cloudCoverPercent, rainProbabilityPercent)
                });
            } catch  {
            // Network errors — silently skip, retry on next interval
            }
        }] [, async ()=>{
            if (!token) return;
            const result = await (0, __TURBOPACK__imported__module__$5b$project$5d2f$Desktop$2f$solar$2d$dashboard$2f$src$2f$lib$2f$api$2e$ts__$5b$app$2d$client$5d$__$28$ecmascript$29$__["getSunToday"])(token);
            if (result) setData(result);
        }] @ http://localhost:3000/_next/static/chunks/0mwe_next_dist_084zzre._.js:3318
[35949618ms] [LOG] [Fast Refresh] done in 669ms @ http://localhost:3000/_next/static/chunks/0mwe_next_dist_084zzre._.js:2477
[35956688ms] [LOG] [Fast Refresh] rebuilding @ http://localhost:3000/_next/static/chunks/0mwe_next_dist_084zzre._.js:2477
[35956689ms] [LOG] [Fast Refresh] done in 108ms @ http://localhost:3000/_next/static/chunks/0mwe_next_dist_084zzre._.js:2477
[35973384ms] [LOG] [Fast Refresh] rebuilding @ http://localhost:3000/_next/static/chunks/0mwe_next_dist_084zzre._.js:2477
[35973385ms] [LOG] [Fast Refresh] done in 109ms @ http://localhost:3000/_next/static/chunks/0mwe_next_dist_084zzre._.js:2477
[35989172ms] [LOG] [Fast Refresh] rebuilding @ http://localhost:3000/_next/static/chunks/0mwe_next_dist_084zzre._.js:2477
[35989340ms] [LOG] [Fast Refresh] done in 230ms @ http://localhost:3000/_next/static/chunks/0mwe_next_dist_084zzre._.js:2477
[36006014ms] [LOG] [Fast Refresh] rebuilding @ http://localhost:3000/_next/static/chunks/0mwe_next_dist_084zzre._.js:2477
[36006140ms] [LOG] [Fast Refresh] done in 187ms @ http://localhost:3000/_next/static/chunks/0mwe_next_dist_084zzre._.js:2477
[36024873ms] [LOG] [Fast Refresh] rebuilding @ http://localhost:3000/_next/static/chunks/0mwe_next_dist_084zzre._.js:2477
[36025335ms] [LOG] [Fast Refresh] done in 544ms @ http://localhost:3000/_next/static/chunks/0mwe_next_dist_084zzre._.js:2477
[36025458ms] [LOG] [Fast Refresh] rebuilding @ http://localhost:3000/_next/static/chunks/0mwe_next_dist_084zzre._.js:2477
[36025668ms] [LOG] [Fast Refresh] done in 325ms @ http://localhost:3000/_next/static/chunks/0mwe_next_dist_084zzre._.js:2477
[36025781ms] [LOG] [Fast Refresh] rebuilding @ http://localhost:3000/_next/static/chunks/0mwe_next_dist_084zzre._.js:2477
[36026467ms] [LOG] [Fast Refresh] done in 792ms @ http://localhost:3000/_next/static/chunks/0mwe_next_dist_084zzre._.js:2477
[36027093ms] [INFO] %cDownload the React DevTools for a better development experience: https://react.dev/link/react-devtools font-weight:bold @ http://localhost:3000/_next/static/chunks/0mwe_next_dist_084zzre._.js:2477
[36027135ms] [LOG] [HMR] connected @ http://localhost:3000/_next/static/chunks/0mwe_next_dist_084zzre._.js:2477
[36027457ms] [LOG] [Fast Refresh] rebuilding @ http://localhost:3000/_next/static/chunks/0mwe_next_dist_084zzre._.js:2477
[36027471ms] [LOG] [Fast Refresh] done in 141ms @ http://localhost:3000/_next/static/chunks/0mwe_next_dist_084zzre._.js:2477
[36027517ms] [WARNING] The width(-1) and height(-1) of chart should be greater than 0,
       please check the style of container, or the props width(100%) and height(100%),
       or add a minWidth(0) or minHeight(undefined) or use aspect(undefined) to control the
       height and width. @ http://localhost:3000/_next/static/chunks/0mwe_next_dist_084zzre._.js:2477
[36027518ms] [WARNING] The width(-1) and height(-1) of chart should be greater than 0,
       please check the style of container, or the props width(100%) and height(100%),
       or add a minWidth(0) or minHeight(undefined) or use aspect(undefined) to control the
       height and width. @ http://localhost:3000/_next/static/chunks/0mwe_next_dist_084zzre._.js:2477
[36027520ms] [WARNING] The width(-1) and height(-1) of chart should be greater than 0,
       please check the style of container, or the props width(100%) and height(100%),
       or add a minWidth(0) or minHeight(undefined) or use aspect(undefined) to control the
       height and width. @ http://localhost:3000/_next/static/chunks/0mwe_next_dist_084zzre._.js:2477
[36027521ms] [WARNING] The width(-1) and height(-1) of chart should be greater than 0,
       please check the style of container, or the props width(100%) and height(100%),
       or add a minWidth(0) or minHeight(undefined) or use aspect(undefined) to control the
       height and width. @ http://localhost:3000/_next/static/chunks/0mwe_next_dist_084zzre._.js:2477
[36027522ms] [WARNING] The width(-1) and height(-1) of chart should be greater than 0,
       please check the style of container, or the props width(100%) and height(100%),
       or add a minWidth(0) or minHeight(undefined) or use aspect(undefined) to control the
       height and width. @ http://localhost:3000/_next/static/chunks/0mwe_next_dist_084zzre._.js:2477
[36027523ms] [WARNING] The width(-1) and height(-1) of chart should be greater than 0,
       please check the style of container, or the props width(100%) and height(100%),
       or add a minWidth(0) or minHeight(undefined) or use aspect(undefined) to control the
       height and width. @ http://localhost:3000/_next/static/chunks/0mwe_next_dist_084zzre._.js:2477
[36027530ms] [WARNING] The width(-1) and height(-1) of chart should be greater than 0,
       please check the style of container, or the props width(100%) and height(100%),
       or add a minWidth(0) or minHeight(undefined) or use aspect(undefined) to control the
       height and width. @ http://localhost:3000/_next/static/chunks/0mwe_next_dist_084zzre._.js:2477
[36027531ms] [WARNING] The width(-1) and height(-1) of chart should be greater than 0,
       please check the style of container, or the props width(100%) and height(100%),
       or add a minWidth(0) or minHeight(undefined) or use aspect(undefined) to control the
       height and width. @ http://localhost:3000/_next/static/chunks/0mwe_next_dist_084zzre._.js:2477
[36079439ms] [LOG] [Fast Refresh] rebuilding @ http://localhost:3000/_next/static/chunks/0mwe_next_dist_084zzre._.js:2477
[36079707ms] [LOG] [Fast Refresh] done in 349ms @ http://localhost:3000/_next/static/chunks/0mwe_next_dist_084zzre._.js:2477
[36079721ms] [WARNING] The width(-1) and height(-1) of chart should be greater than 0,
       please check the style of container, or the props width(100%) and height(100%),
       or add a minWidth(0) or minHeight(undefined) or use aspect(undefined) to control the
       height and width. @ http://localhost:3000/_next/static/chunks/0mwe_next_dist_084zzre._.js:2477
[36079722ms] [WARNING] The width(-1) and height(-1) of chart should be greater than 0,
       please check the style of container, or the props width(100%) and height(100%),
       or add a minWidth(0) or minHeight(undefined) or use aspect(undefined) to control the
       height and width. @ http://localhost:3000/_next/static/chunks/0mwe_next_dist_084zzre._.js:2477
[36079723ms] [WARNING] The width(-1) and height(-1) of chart should be greater than 0,
       please check the style of container, or the props width(100%) and height(100%),
       or add a minWidth(0) or minHeight(undefined) or use aspect(undefined) to control the
       height and width. @ http://localhost:3000/_next/static/chunks/0mwe_next_dist_084zzre._.js:2477
[36079723ms] [WARNING] The width(-1) and height(-1) of chart should be greater than 0,
       please check the style of container, or the props width(100%) and height(100%),
       or add a minWidth(0) or minHeight(undefined) or use aspect(undefined) to control the
       height and width. @ http://localhost:3000/_next/static/chunks/0mwe_next_dist_084zzre._.js:2477
[36079724ms] [WARNING] The width(-1) and height(-1) of chart should be greater than 0,
       please check the style of container, or the props width(100%) and height(100%),
       or add a minWidth(0) or minHeight(undefined) or use aspect(undefined) to control the
       height and width. @ http://localhost:3000/_next/static/chunks/0mwe_next_dist_084zzre._.js:2477
[36079725ms] [WARNING] The width(-1) and height(-1) of chart should be greater than 0,
       please check the style of container, or the props width(100%) and height(100%),
       or add a minWidth(0) or minHeight(undefined) or use aspect(undefined) to control the
       height and width. @ http://localhost:3000/_next/static/chunks/0mwe_next_dist_084zzre._.js:2477
[36079726ms] [WARNING] The width(-1) and height(-1) of chart should be greater than 0,
       please check the style of container, or the props width(100%) and height(100%),
       or add a minWidth(0) or minHeight(undefined) or use aspect(undefined) to control the
       height and width. @ http://localhost:3000/_next/static/chunks/0mwe_next_dist_084zzre._.js:2477
[36079726ms] [WARNING] The width(-1) and height(-1) of chart should be greater than 0,
       please check the style of container, or the props width(100%) and height(100%),
       or add a minWidth(0) or minHeight(undefined) or use aspect(undefined) to control the
       height and width. @ http://localhost:3000/_next/static/chunks/0mwe_next_dist_084zzre._.js:2477
[36079881ms] [LOG] [Fast Refresh] rebuilding @ http://localhost:3000/_next/static/chunks/0mwe_next_dist_084zzre._.js:2477
[36080005ms] [LOG] [Fast Refresh] done in 296ms @ http://localhost:3000/_next/static/chunks/0mwe_next_dist_084zzre._.js:2477
[36080245ms] [LOG] [Fast Refresh] rebuilding @ http://localhost:3000/_next/static/chunks/0mwe_next_dist_084zzre._.js:2477
[36080362ms] [LOG] [Fast Refresh] done in 223ms @ http://localhost:3000/_next/static/chunks/0mwe_next_dist_084zzre._.js:2477
[36115511ms] [LOG] [Fast Refresh] rebuilding @ http://localhost:3000/_next/static/chunks/0mwe_next_dist_084zzre._.js:2477
[36115795ms] [LOG] [Fast Refresh] done in 140ms @ http://localhost:3000/_next/static/chunks/0mwe_next_dist_084zzre._.js:2477
[36168073ms] [LOG] [Fast Refresh] rebuilding @ http://localhost:3000/_next/static/chunks/0mwe_next_dist_084zzre._.js:2477
[36168642ms] [LOG] [Fast Refresh] done in 422ms @ http://localhost:3000/_next/static/chunks/0mwe_next_dist_084zzre._.js:2477
[36168837ms] [LOG] [Fast Refresh] rebuilding @ http://localhost:3000/_next/static/chunks/0mwe_next_dist_084zzre._.js:2477
[36168867ms] [LOG] [Fast Refresh] done in 131ms @ http://localhost:3000/_next/static/chunks/0mwe_next_dist_084zzre._.js:2477
[36387088ms] [LOG] [Fast Refresh] rebuilding @ http://localhost:3000/_next/static/chunks/0mwe_next_dist_084zzre._.js:2477
[36387124ms] [LOG] [Fast Refresh] done in 129ms @ http://localhost:3000/_next/static/chunks/0mwe_next_dist_084zzre._.js:2477
[36387230ms] [LOG] [Fast Refresh] rebuilding @ http://localhost:3000/_next/static/chunks/0mwe_next_dist_084zzre._.js:2477
[36387339ms] [LOG] [Fast Refresh] done in 214ms @ http://localhost:3000/_next/static/chunks/0mwe_next_dist_084zzre._.js:2477
[36414030ms] [LOG] [Fast Refresh] rebuilding @ http://localhost:3000/_next/static/chunks/0mwe_next_dist_084zzre._.js:2477
[36414242ms] [LOG] [Fast Refresh] done in 122ms @ http://localhost:3000/_next/static/chunks/0mwe_next_dist_084zzre._.js:2477
[36422436ms] [LOG] [Fast Refresh] rebuilding @ http://localhost:3000/_next/static/chunks/0mwe_next_dist_084zzre._.js:2477
[36422491ms] [ERROR] ./Desktop/solar-dashboard/src/app/live/page.tsx:9:1
Module not found: Can't resolve '@/lib/queries'
   7 | import { Skeleton } from "@/components/ui/skeleton";
   8 | import { ShimmerButton } from "@/components/magic/ShimmerButton";
>  9 | import { getDeviceStatuses } from "@/lib/queries";
     | ^^^^^^^^^^^^^^^^^^^^^^^^^^^^^^^^^^^^^^^^^^^^^^^^^^
  10 | import type { DeviceStatus } from "@/lib/types";
  11 |
  12 | export default function LiveCameraPage() {

Import map: aliased to relative './src/lib/queries' inside of [project]/Desktop/solar-dashboard

Import traces:
  Client Component Browser:
    ./Desktop/solar-dashboard/src/app/live/page.tsx [Client Component Browser]
    ./Desktop/solar-dashboard/src/app/live/page.tsx [Server Component]

  Client Component SSR:
    ./Desktop/solar-dashboard/src/app/live/page.tsx [Client Component SSR]
    ./Desktop/solar-dashboard/src/app/live/page.tsx [Server Component]

https://nextjs.org/docs/messages/module-not-found @ http://localhost:3000/_next/static/chunks/0mwe_next_dist_084zzre._.js:3318
[36422569ms] [ERROR] ./Desktop/solar-dashboard/src/app/live/page.tsx:9:1
Module not found: Can't resolve '@/lib/queries'
   7 | import { Skeleton } from "@/components/ui/skeleton";
   8 | import { ShimmerButton } from "@/components/magic/ShimmerButton";
>  9 | import { getDeviceStatuses } from "@/lib/queries";
     | ^^^^^^^^^^^^^^^^^^^^^^^^^^^^^^^^^^^^^^^^^^^^^^^^^^
  10 | import type { DeviceStatus } from "@/lib/types";
  11 |
  12 | export default function LiveCameraPage() {

Import map: aliased to relative './src/lib/queries' inside of [project]/Desktop/solar-dashboard

Import traces:
  Client Component Browser:
    ./Desktop/solar-dashboard/src/app/live/page.tsx [Client Component Browser]
    ./Desktop/solar-dashboard/src/app/live/page.tsx [Server Component]

  Client Component SSR:
    ./Desktop/solar-dashboard/src/app/live/page.tsx [Client Component SSR]
    ./Desktop/solar-dashboard/src/app/live/page.tsx [Server Component]

https://nextjs.org/docs/messages/module-not-found @ http://localhost:3000/_next/static/chunks/0mwe_next_dist_084zzre._.js:3318
[36422570ms] [ERROR] Failed to load resource: the server responded with a status of 500 (Internal Server Error) @ http://localhost:3000/?_rsc=q3mOO9BClNZHexY7:0
[36422606ms] [ERROR] Failed to load resource: the server responded with a status of 500 (Internal Server Error) @ http://localhost:3000/?_rsc=q3mOO9BClNZHexY7:0
[36422632ms] [ERROR] Failed to load resource: the server responded with a status of 500 (Internal Server Error) @ http://localhost:3000/:0
[36422748ms] [INFO] %cDownload the React DevTools for a better development experience: https://react.dev/link/react-devtools font-weight:bold @ http://localhost:3000/_next/static/chunks/0mwe_react-dom_0mq_~rd._.js:15305
[36422817ms] Error: ./Desktop/solar-dashboard/src/app/live/page.tsx:9:1
Module not found: Can't resolve '@/lib/queries'
   7 | import { Skeleton } from "@/components/ui/skeleton";
   8 | import { ShimmerButton } from "@/components/magic/ShimmerButton";
>  9 | import { getDeviceStatuses } from "@/lib/queries";
     | ^^^^^^^^^^^^^^^^^^^^^^^^^^^^^^^^^^^^^^^^^^^^^^^^^^
  10 | import type { DeviceStatus } from "@/lib/types";
  11 |
  12 | export default function LiveCameraPage() {

Import map: aliased to relative './src/lib/queries' inside of [project]/Desktop/solar-dashboard


Import traces:
  Client Component Browser:
    ./Desktop/solar-dashboard/src/app/live/page.tsx [Client Component Browser]
    ./Desktop/solar-dashboard/src/app/live/page.tsx [Server Component]

  Client Component SSR:
    ./Desktop/solar-dashboard/src/app/live/page.tsx [Client Component SSR]
    ./Desktop/solar-dashboard/src/app/live/page.tsx [Server Component]

https://nextjs.org/docs/messages/module-not-found


    at <unknown> (Error: ./Desktop/solar-dashboard/src/app/live/page.tsx:9:1)
    at <unknown> (https://nextjs.org/docs/messages/module-not-found)
    at Object.getCompilationErrors (file://C:\Users\paulm\Desktop\solar-dashboard\node_modules\next\dist\server\dev\hot-reloader-turbopack.js:1186:59)
    at DevBundlerService.getCompilationError (file://C:\Users\paulm\Desktop\solar-dashboard\node_modules\next\dist\server\lib\dev-bundler-service.js:44:55)
    at DevServer.getCompilationError (file://C:\Users\paulm\Desktop\solar-dashboard\node_modules\next\dist\server\dev\next-dev-server.js:720:42)
    at DevServer.findPageComponents (file://C:\Users\paulm\Desktop\solar-dashboard\node_modules\next\dist\server\dev\next-dev-server.js:690:43)
    at async DevServer.renderErrorToResponseImpl (file://C:\Users\paulm\Desktop\solar-dashboard\node_modules\next\dist\server\base-server.js:1753:26)
[36422814ms] [LOG] [HMR] connected @ http://localhost:3000/_next/static/chunks/0mwe_next_dist_0qr8_bd._.js:1226
[36422818ms] [ERROR] ./Desktop/solar-dashboard/src/app/live/page.tsx:9:1
Module not found: Can't resolve '@/lib/queries'
   7 | import { Skeleton } from "@/components/ui/skeleton";
   8 | import { ShimmerButton } from "@/components/magic/ShimmerButton";
>  9 | import { getDeviceStatuses } from "@/lib/queries";
     | ^^^^^^^^^^^^^^^^^^^^^^^^^^^^^^^^^^^^^^^^^^^^^^^^^^
  10 | import type { DeviceStatus } from "@/lib/types";
  11 |
  12 | export default function LiveCameraPage() {

Import map: aliased to relative './src/lib/queries' inside of [project]/Desktop/solar-dashboard

Import traces:
  Client Component Browser:
    ./Desktop/solar-dashboard/src/app/live/page.tsx [Client Component Browser]
    ./Desktop/solar-dashboard/src/app/live/page.tsx [Server Component]

  Client Component SSR:
    ./Desktop/solar-dashboard/src/app/live/page.tsx [Client Component SSR]
    ./Desktop/solar-dashboard/src/app/live/page.tsx [Server Component]

https://nextjs.org/docs/messages/module-not-found @ http://localhost:3000/_next/static/chunks/0mwe_next_dist_0qr8_bd._.js:1945
[36422854ms] [ERROR] ./Desktop/solar-dashboard/src/app/live/page.tsx:9:1
Module not found: Can't resolve '@/lib/queries'
   7 | import { Skeleton } from "@/components/ui/skeleton";
   8 | import { ShimmerButton } from "@/components/magic/ShimmerButton";
>  9 | import { getDeviceStatuses } from "@/lib/queries";
     | ^^^^^^^^^^^^^^^^^^^^^^^^^^^^^^^^^^^^^^^^^^^^^^^^^^
  10 | import type { DeviceStatus } from "@/lib/types";
  11 |
  12 | export default function LiveCameraPage() {

Import map: aliased to relative './src/lib/queries' inside of [project]/Desktop/solar-dashboard

Import traces:
  Client Component Browser:
    ./Desktop/solar-dashboard/src/app/live/page.tsx [Client Component Browser]
    ./Desktop/solar-dashboard/src/app/live/page.tsx [Server Component]

  Client Component SSR:
    ./Desktop/solar-dashboard/src/app/live/page.tsx [Client Component SSR]
    ./Desktop/solar-dashboard/src/app/live/page.tsx [Server Component]

https://nextjs.org/docs/messages/module-not-found @ http://localhost:3000/_next/static/chunks/0mwe_next_dist_0qr8_bd._.js:1945
[36422931ms] [LOG] [Fast Refresh] rebuilding @ http://localhost:3000/_next/static/chunks/0mwe_next_dist_0qr8_bd._.js:1226
[36451332ms] [LOG] [Fast Refresh] rebuilding @ http://localhost:3000/_next/static/chunks/0mwe_next_dist_0qr8_bd._.js:1226
[36451368ms] [ERROR] Failed to load resource: the server responded with a status of 500 (Internal Server Error) @ http://localhost:3000/:0
[36451407ms] [INFO] %cDownload the React DevTools for a better development experience: https://react.dev/link/react-devtools font-weight:bold @ http://localhost:3000/_next/static/chunks/0mwe_react-dom_0mq_~rd._.js:15305
[36451424ms] Error: ./Desktop/solar-dashboard/src/app/live/page.tsx:9:1
Module not found: Can't resolve '@/lib/queries'
   7 | import { Skeleton } from "@/components/ui/skeleton";
   8 | import { ShimmerButton } from "@/components/magic/ShimmerButton";
>  9 | import { getDeviceStatuses } from "@/lib/queries";
     | ^^^^^^^^^^^^^^^^^^^^^^^^^^^^^^^^^^^^^^^^^^^^^^^^^^
  10 | import type { DeviceStatus } from "@/lib/types";
  11 |
  12 | export default function LiveCameraPage() {

Import map: aliased to relative './src/lib/queries' inside of [project]/Desktop/solar-dashboard


Import traces:
  Client Component Browser:
    ./Desktop/solar-dashboard/src/app/live/page.tsx [Client Component Browser]
    ./Desktop/solar-dashboard/src/app/live/page.tsx [Server Component]

  Client Component SSR:
    ./Desktop/solar-dashboard/src/app/live/page.tsx [Client Component SSR]
    ./Desktop/solar-dashboard/src/app/live/page.tsx [Server Component]

https://nextjs.org/docs/messages/module-not-found


    at <unknown> (Error: ./Desktop/solar-dashboard/src/app/live/page.tsx:9:1)
    at <unknown> (https://nextjs.org/docs/messages/module-not-found)
    at Object.getCompilationErrors (file://C:\Users\paulm\Desktop\solar-dashboard\node_modules\next\dist\server\dev\hot-reloader-turbopack.js:1186:59)
    at DevBundlerService.getCompilationError (file://C:\Users\paulm\Desktop\solar-dashboard\node_modules\next\dist\server\lib\dev-bundler-service.js:44:55)
    at DevServer.getCompilationError (file://C:\Users\paulm\Desktop\solar-dashboard\node_modules\next\dist\server\dev\next-dev-server.js:720:42)
    at DevServer.findPageComponents (file://C:\Users\paulm\Desktop\solar-dashboard\node_modules\next\dist\server\dev\next-dev-server.js:690:43)
    at async DevServer.renderErrorToResponseImpl (file://C:\Users\paulm\Desktop\solar-dashboard\node_modules\next\dist\server\base-server.js:1753:26)
[36451428ms] [LOG] [HMR] connected @ http://localhost:3000/_next/static/chunks/0mwe_next_dist_0qr8_bd._.js:1226
[36451431ms] [ERROR] ./Desktop/solar-dashboard/src/app/live/page.tsx:9:1
Module not found: Can't resolve '@/lib/queries'
   7 | import { Skeleton } from "@/components/ui/skeleton";
   8 | import { ShimmerButton } from "@/components/magic/ShimmerButton";
>  9 | import { getDeviceStatuses } from "@/lib/queries";
     | ^^^^^^^^^^^^^^^^^^^^^^^^^^^^^^^^^^^^^^^^^^^^^^^^^^
  10 | import type { DeviceStatus } from "@/lib/types";
  11 |
  12 | export default function LiveCameraPage() {

Import map: aliased to relative './src/lib/queries' inside of [project]/Desktop/solar-dashboard

Import traces:
  Client Component Browser:
    ./Desktop/solar-dashboard/src/app/live/page.tsx [Client Component Browser]
    ./Desktop/solar-dashboard/src/app/live/page.tsx [Server Component]

  Client Component SSR:
    ./Desktop/solar-dashboard/src/app/live/page.tsx [Client Component SSR]
    ./Desktop/solar-dashboard/src/app/live/page.tsx [Server Component]

https://nextjs.org/docs/messages/module-not-found @ http://localhost:3000/_next/static/chunks/0mwe_next_dist_0qr8_bd._.js:1945
[36451473ms] [ERROR] ./Desktop/solar-dashboard/src/app/live/page.tsx:9:1
Module not found: Can't resolve '@/lib/queries'
   7 | import { Skeleton } from "@/components/ui/skeleton";
   8 | import { ShimmerButton } from "@/components/magic/ShimmerButton";
>  9 | import { getDeviceStatuses } from "@/lib/queries";
     | ^^^^^^^^^^^^^^^^^^^^^^^^^^^^^^^^^^^^^^^^^^^^^^^^^^
  10 | import type { DeviceStatus } from "@/lib/types";
  11 |
  12 | export default function LiveCameraPage() {

Import map: aliased to relative './src/lib/queries' inside of [project]/Desktop/solar-dashboard

Import traces:
  Client Component Browser:
    ./Desktop/solar-dashboard/src/app/live/page.tsx [Client Component Browser]
    ./Desktop/solar-dashboard/src/app/live/page.tsx [Server Component]

  Client Component SSR:
    ./Desktop/solar-dashboard/src/app/live/page.tsx [Client Component SSR]
    ./Desktop/solar-dashboard/src/app/live/page.tsx [Server Component]

https://nextjs.org/docs/messages/module-not-found @ http://localhost:3000/_next/static/chunks/0mwe_next_dist_0qr8_bd._.js:1945
[36451549ms] [LOG] [Fast Refresh] rebuilding @ http://localhost:3000/_next/static/chunks/0mwe_next_dist_0qr8_bd._.js:1226
[36456679ms] [ERROR] ./Desktop/solar-dashboard/src/app/live/page.tsx:9:1
Module not found: Can't resolve '@/lib/queries'
   7 | import { Skeleton } from "@/components/ui/skeleton";
   8 | import { ShimmerButton } from "@/components/magic/ShimmerButton";
>  9 | import { getDeviceStatuses } from "@/lib/queries";
     | ^^^^^^^^^^^^^^^^^^^^^^^^^^^^^^^^^^^^^^^^^^^^^^^^^^
  10 | import type { DeviceStatus } from "@/lib/types";
  11 |
  12 | export default function LiveCameraPage() {

Import map: aliased to relative './src/lib/queries' inside of [project]/Desktop/solar-dashboard

Import traces:
  Client Component Browser:
    ./Desktop/solar-dashboard/src/app/live/page.tsx [Client Component Browser]
    ./Desktop/solar-dashboard/src/app/live/page.tsx [Server Component]

  Client Component SSR:
    ./Desktop/solar-dashboard/src/app/live/page.tsx [Client Component SSR]
    ./Desktop/solar-dashboard/src/app/live/page.tsx [Server Component]

https://nextjs.org/docs/messages/module-not-found @ http://localhost:3000/_next/static/chunks/0mwe_next_dist_0qr8_bd._.js:1945
[36456707ms] [LOG] [Fast Refresh] rebuilding @ http://localhost:3000/_next/static/chunks/0mwe_next_dist_0qr8_bd._.js:1226
[36514665ms] [ERROR] ./Desktop/solar-dashboard/src/app/live/page.tsx:9:1
Module not found: Can't resolve '@/lib/queries'
   7 | import { Skeleton } from "@/components/ui/skeleton";
   8 | import { ShimmerButton } from "@/components/magic/ShimmerButton";
>  9 | import { getDeviceStatuses } from "@/lib/queries";
     | ^^^^^^^^^^^^^^^^^^^^^^^^^^^^^^^^^^^^^^^^^^^^^^^^^^
  10 | import type { DeviceStatus } from "@/lib/types";
  11 |
  12 | export default function LiveCameraPage() {

Import map: aliased to relative './src/lib/queries' inside of [project]/Desktop/solar-dashboard

Import traces:
  Client Component Browser:
    ./Desktop/solar-dashboard/src/app/live/page.tsx [Client Component Browser]
    ./Desktop/solar-dashboard/src/app/live/page.tsx [Server Component]

  Client Component SSR:
    ./Desktop/solar-dashboard/src/app/live/page.tsx [Client Component SSR]
    ./Desktop/solar-dashboard/src/app/live/page.tsx [Server Component]

https://nextjs.org/docs/messages/module-not-found @ http://localhost:3000/_next/static/chunks/0mwe_next_dist_0qr8_bd._.js:1945
[36514694ms] [LOG] [Fast Refresh] rebuilding @ http://localhost:3000/_next/static/chunks/0mwe_next_dist_0qr8_bd._.js:1226
[36521914ms] [LOG] [Fast Refresh] rebuilding @ http://localhost:3000/_next/static/chunks/0mwe_next_dist_0qr8_bd._.js:1226
[36521950ms] [ERROR] Failed to load resource: the server responded with a status of 500 (Internal Server Error) @ http://localhost:3000/:0
[36521980ms] [INFO] %cDownload the React DevTools for a better development experience: https://react.dev/link/react-devtools font-weight:bold @ http://localhost:3000/_next/static/chunks/0mwe_react-dom_0mq_~rd._.js:15305
[36521996ms] Error: ./Desktop/solar-dashboard/src/app/live/page.tsx:9:1
Module not found: Can't resolve '@/lib/queries'
   7 | import { Skeleton } from "@/components/ui/skeleton";
   8 | import { ShimmerButton } from "@/components/magic/ShimmerButton";
>  9 | import { getDeviceStatuses } from "@/lib/queries";
     | ^^^^^^^^^^^^^^^^^^^^^^^^^^^^^^^^^^^^^^^^^^^^^^^^^^
  10 | import type { DeviceStatus } from "@/lib/types";
  11 |
  12 | export default function LiveCameraPage() {

Import map: aliased to relative './src/lib/queries' inside of [project]/Desktop/solar-dashboard


Import traces:
  Client Component Browser:
    ./Desktop/solar-dashboard/src/app/live/page.tsx [Client Component Browser]
    ./Desktop/solar-dashboard/src/app/live/page.tsx [Server Component]

  Client Component SSR:
    ./Desktop/solar-dashboard/src/app/live/page.tsx [Client Component SSR]
    ./Desktop/solar-dashboard/src/app/live/page.tsx [Server Component]

https://nextjs.org/docs/messages/module-not-found


    at <unknown> (Error: ./Desktop/solar-dashboard/src/app/live/page.tsx:9:1)
    at <unknown> (https://nextjs.org/docs/messages/module-not-found)
    at Object.getCompilationErrors (file://C:\Users\paulm\Desktop\solar-dashboard\node_modules\next\dist\server\dev\hot-reloader-turbopack.js:1186:59)
    at DevBundlerService.getCompilationError (file://C:\Users\paulm\Desktop\solar-dashboard\node_modules\next\dist\server\lib\dev-bundler-service.js:44:55)
    at DevServer.getCompilationError (file://C:\Users\paulm\Desktop\solar-dashboard\node_modules\next\dist\server\dev\next-dev-server.js:720:42)
    at DevServer.findPageComponents (file://C:\Users\paulm\Desktop\solar-dashboard\node_modules\next\dist\server\dev\next-dev-server.js:690:43)
    at async DevServer.renderErrorToResponseImpl (file://C:\Users\paulm\Desktop\solar-dashboard\node_modules\next\dist\server\base-server.js:1753:26)
[36521997ms] [LOG] [HMR] connected @ http://localhost:3000/_next/static/chunks/0mwe_next_dist_0qr8_bd._.js:1226
[36522002ms] [ERROR] ./Desktop/solar-dashboard/src/app/live/page.tsx:9:1
Module not found: Can't resolve '@/lib/queries'
   7 | import { Skeleton } from "@/components/ui/skeleton";
   8 | import { ShimmerButton } from "@/components/magic/ShimmerButton";
>  9 | import { getDeviceStatuses } from "@/lib/queries";
     | ^^^^^^^^^^^^^^^^^^^^^^^^^^^^^^^^^^^^^^^^^^^^^^^^^^
  10 | import type { DeviceStatus } from "@/lib/types";
  11 |
  12 | export default function LiveCameraPage() {

Import map: aliased to relative './src/lib/queries' inside of [project]/Desktop/solar-dashboard

Import traces:
  Client Component Browser:
    ./Desktop/solar-dashboard/src/app/live/page.tsx [Client Component Browser]
    ./Desktop/solar-dashboard/src/app/live/page.tsx [Server Component]

  Client Component SSR:
    ./Desktop/solar-dashboard/src/app/live/page.tsx [Client Component SSR]
    ./Desktop/solar-dashboard/src/app/live/page.tsx [Server Component]

https://nextjs.org/docs/messages/module-not-found @ http://localhost:3000/_next/static/chunks/0mwe_next_dist_0qr8_bd._.js:1945
[36522053ms] [ERROR] ./Desktop/solar-dashboard/src/app/live/page.tsx:9:1
Module not found: Can't resolve '@/lib/queries'
   7 | import { Skeleton } from "@/components/ui/skeleton";
   8 | import { ShimmerButton } from "@/components/magic/ShimmerButton";
>  9 | import { getDeviceStatuses } from "@/lib/queries";
     | ^^^^^^^^^^^^^^^^^^^^^^^^^^^^^^^^^^^^^^^^^^^^^^^^^^
  10 | import type { DeviceStatus } from "@/lib/types";
  11 |
  12 | export default function LiveCameraPage() {

Import map: aliased to relative './src/lib/queries' inside of [project]/Desktop/solar-dashboard

Import traces:
  Client Component Browser:
    ./Desktop/solar-dashboard/src/app/live/page.tsx [Client Component Browser]
    ./Desktop/solar-dashboard/src/app/live/page.tsx [Server Component]

  Client Component SSR:
    ./Desktop/solar-dashboard/src/app/live/page.tsx [Client Component SSR]
    ./Desktop/solar-dashboard/src/app/live/page.tsx [Server Component]

https://nextjs.org/docs/messages/module-not-found @ http://localhost:3000/_next/static/chunks/0mwe_next_dist_0qr8_bd._.js:1945
[36522114ms] [LOG] [Fast Refresh] rebuilding @ http://localhost:3000/_next/static/chunks/0mwe_next_dist_0qr8_bd._.js:1226
[36557494ms] [LOG] [Fast Refresh] rebuilding @ http://localhost:3000/_next/static/chunks/0mwe_next_dist_0qr8_bd._.js:1226
[36557529ms] [ERROR] Failed to load resource: the server responded with a status of 500 (Internal Server Error) @ http://localhost:3000/:0
[36557562ms] [INFO] %cDownload the React DevTools for a better development experience: https://react.dev/link/react-devtools font-weight:bold @ http://localhost:3000/_next/static/chunks/0mwe_react-dom_0mq_~rd._.js:15305
[36557576ms] Error: ./Desktop/solar-dashboard/src/app/live/page.tsx:9:1
Module not found: Can't resolve '@/lib/queries'
   7 | import { Skeleton } from "@/components/ui/skeleton";
   8 | import { ShimmerButton } from "@/components/magic/ShimmerButton";
>  9 | import { getDeviceStatuses } from "@/lib/queries";
     | ^^^^^^^^^^^^^^^^^^^^^^^^^^^^^^^^^^^^^^^^^^^^^^^^^^
  10 | import type { DeviceStatus } from "@/lib/types";
  11 |
  12 | export default function LiveCameraPage() {

Import map: aliased to relative './src/lib/queries' inside of [project]/Desktop/solar-dashboard


Import traces:
  Client Component Browser:
    ./Desktop/solar-dashboard/src/app/live/page.tsx [Client Component Browser]
    ./Desktop/solar-dashboard/src/app/live/page.tsx [Server Component]

  Client Component SSR:
    ./Desktop/solar-dashboard/src/app/live/page.tsx [Client Component SSR]
    ./Desktop/solar-dashboard/src/app/live/page.tsx [Server Component]

https://nextjs.org/docs/messages/module-not-found


    at <unknown> (Error: ./Desktop/solar-dashboard/src/app/live/page.tsx:9:1)
    at <unknown> (https://nextjs.org/docs/messages/module-not-found)
    at Object.getCompilationErrors (file://C:\Users\paulm\Desktop\solar-dashboard\node_modules\next\dist\server\dev\hot-reloader-turbopack.js:1186:59)
    at DevBundlerService.getCompilationError (file://C:\Users\paulm\Desktop\solar-dashboard\node_modules\next\dist\server\lib\dev-bundler-service.js:44:55)
    at DevServer.getCompilationError (file://C:\Users\paulm\Desktop\solar-dashboard\node_modules\next\dist\server\dev\next-dev-server.js:720:42)
    at DevServer.findPageComponents (file://C:\Users\paulm\Desktop\solar-dashboard\node_modules\next\dist\server\dev\next-dev-server.js:690:43)
    at async DevServer.renderErrorToResponseImpl (file://C:\Users\paulm\Desktop\solar-dashboard\node_modules\next\dist\server\base-server.js:1753:26)
[36557578ms] [LOG] [HMR] connected @ http://localhost:3000/_next/static/chunks/0mwe_next_dist_0qr8_bd._.js:1226
[36557580ms] [ERROR] ./Desktop/solar-dashboard/src/app/live/page.tsx:9:1
Module not found: Can't resolve '@/lib/queries'
   7 | import { Skeleton } from "@/components/ui/skeleton";
   8 | import { ShimmerButton } from "@/components/magic/ShimmerButton";
>  9 | import { getDeviceStatuses } from "@/lib/queries";
     | ^^^^^^^^^^^^^^^^^^^^^^^^^^^^^^^^^^^^^^^^^^^^^^^^^^
  10 | import type { DeviceStatus } from "@/lib/types";
  11 |
  12 | export default function LiveCameraPage() {

Import map: aliased to relative './src/lib/queries' inside of [project]/Desktop/solar-dashboard

Import traces:
  Client Component Browser:
    ./Desktop/solar-dashboard/src/app/live/page.tsx [Client Component Browser]
    ./Desktop/solar-dashboard/src/app/live/page.tsx [Server Component]

  Client Component SSR:
    ./Desktop/solar-dashboard/src/app/live/page.tsx [Client Component SSR]
    ./Desktop/solar-dashboard/src/app/live/page.tsx [Server Component]

https://nextjs.org/docs/messages/module-not-found @ http://localhost:3000/_next/static/chunks/0mwe_next_dist_0qr8_bd._.js:1945
[36557618ms] [ERROR] ./Desktop/solar-dashboard/src/app/live/page.tsx:9:1
Module not found: Can't resolve '@/lib/queries'
   7 | import { Skeleton } from "@/components/ui/skeleton";
   8 | import { ShimmerButton } from "@/components/magic/ShimmerButton";
>  9 | import { getDeviceStatuses } from "@/lib/queries";
     | ^^^^^^^^^^^^^^^^^^^^^^^^^^^^^^^^^^^^^^^^^^^^^^^^^^
  10 | import type { DeviceStatus } from "@/lib/types";
  11 |
  12 | export default function LiveCameraPage() {

Import map: aliased to relative './src/lib/queries' inside of [project]/Desktop/solar-dashboard

Import traces:
  Client Component Browser:
    ./Desktop/solar-dashboard/src/app/live/page.tsx [Client Component Browser]
    ./Desktop/solar-dashboard/src/app/live/page.tsx [Server Component]

  Client Component SSR:
    ./Desktop/solar-dashboard/src/app/live/page.tsx [Client Component SSR]
    ./Desktop/solar-dashboard/src/app/live/page.tsx [Server Component]

https://nextjs.org/docs/messages/module-not-found @ http://localhost:3000/_next/static/chunks/0mwe_next_dist_0qr8_bd._.js:1945
[36557693ms] [LOG] [Fast Refresh] rebuilding @ http://localhost:3000/_next/static/chunks/0mwe_next_dist_0qr8_bd._.js:1226
[36573925ms] [ERROR] ./Desktop/solar-dashboard/src/app/live/page.tsx:9:1
Module not found: Can't resolve '@/lib/queries'
   7 | import { Skeleton } from "@/components/ui/skeleton";
   8 | import { ShimmerButton } from "@/components/magic/ShimmerButton";
>  9 | import { getDeviceStatuses } from "@/lib/queries";
     | ^^^^^^^^^^^^^^^^^^^^^^^^^^^^^^^^^^^^^^^^^^^^^^^^^^
  10 | import type { DeviceStatus } from "@/lib/types";
  11 |
  12 | export default function LiveCameraPage() {

Import map: aliased to relative './src/lib/queries' inside of [project]/Desktop/solar-dashboard

Import traces:
  Client Component Browser:
    ./Desktop/solar-dashboard/src/app/live/page.tsx [Client Component Browser]
    ./Desktop/solar-dashboard/src/app/live/page.tsx [Server Component]

  Client Component SSR:
    ./Desktop/solar-dashboard/src/app/live/page.tsx [Client Component SSR]
    ./Desktop/solar-dashboard/src/app/live/page.tsx [Server Component]

https://nextjs.org/docs/messages/module-not-found @ http://localhost:3000/_next/static/chunks/0mwe_next_dist_0qr8_bd._.js:1945
[36573938ms] [LOG] [Fast Refresh] rebuilding @ http://localhost:3000/_next/static/chunks/0mwe_next_dist_0qr8_bd._.js:1226
[36574345ms] [ERROR] ./Desktop/solar-dashboard/src/app/live/page.tsx:9:1
Module not found: Can't resolve '@/lib/queries'
   7 | import { Skeleton } from "@/components/ui/skeleton";
   8 | import { ShimmerButton } from "@/components/magic/ShimmerButton";
>  9 | import { getDeviceStatuses } from "@/lib/queries";
     | ^^^^^^^^^^^^^^^^^^^^^^^^^^^^^^^^^^^^^^^^^^^^^^^^^^
  10 | import type { DeviceStatus } from "@/lib/types";
  11 |
  12 | export default function LiveCameraPage() {

Import map: aliased to relative './src/lib/queries' inside of [project]/Desktop/solar-dashboard

Import traces:
  Client Component Browser:
    ./Desktop/solar-dashboard/src/app/live/page.tsx [Client Component Browser]
    ./Desktop/solar-dashboard/src/app/live/page.tsx [Server Component]

  Client Component SSR:
    ./Desktop/solar-dashboard/src/app/live/page.tsx [Client Component SSR]
    ./Desktop/solar-dashboard/src/app/live/page.tsx [Server Component]

https://nextjs.org/docs/messages/module-not-found @ http://localhost:3000/_next/static/chunks/0mwe_next_dist_0qr8_bd._.js:1945
[36574406ms] [LOG] [Fast Refresh] rebuilding @ http://localhost:3000/_next/static/chunks/0mwe_next_dist_0qr8_bd._.js:1226
[36575371ms] [ERROR] ./Desktop/solar-dashboard/src/app/live/page.tsx:9:1
Module not found: Can't resolve '@/lib/queries'
   7 | import { Skeleton } from "@/components/ui/skeleton";
   8 | import { ShimmerButton } from "@/components/magic/ShimmerButton";
>  9 | import { getDeviceStatuses } from "@/lib/queries";
     | ^^^^^^^^^^^^^^^^^^^^^^^^^^^^^^^^^^^^^^^^^^^^^^^^^^
  10 | import type { DeviceStatus } from "@/lib/types";
  11 |
  12 | export default function LiveCameraPage() {

Import map: aliased to relative './src/lib/queries' inside of [project]/Desktop/solar-dashboard

Import traces:
  Client Component Browser:
    ./Desktop/solar-dashboard/src/app/live/page.tsx [Client Component Browser]
    ./Desktop/solar-dashboard/src/app/live/page.tsx [Server Component]

  Client Component SSR:
    ./Desktop/solar-dashboard/src/app/live/page.tsx [Client Component SSR]
    ./Desktop/solar-dashboard/src/app/live/page.tsx [Server Component]

https://nextjs.org/docs/messages/module-not-found @ http://localhost:3000/_next/static/chunks/0mwe_next_dist_0qr8_bd._.js:1945
[36575432ms] [LOG] [Fast Refresh] rebuilding @ http://localhost:3000/_next/static/chunks/0mwe_next_dist_0qr8_bd._.js:1226
[36579125ms] [ERROR] ./Desktop/solar-dashboard/src/app/live/page.tsx:9:1
Module not found: Can't resolve '@/lib/queries'
   7 | import { Skeleton } from "@/components/ui/skeleton";
   8 | import { ShimmerButton } from "@/components/magic/ShimmerButton";
>  9 | import { getDeviceStatuses } from "@/lib/queries";
     | ^^^^^^^^^^^^^^^^^^^^^^^^^^^^^^^^^^^^^^^^^^^^^^^^^^
  10 | import type { DeviceStatus } from "@/lib/types";
  11 |
  12 | export default function LiveCameraPage() {

Import map: aliased to relative './src/lib/queries' inside of [project]/Desktop/solar-dashboard

Import traces:
  Client Component Browser:
    ./Desktop/solar-dashboard/src/app/live/page.tsx [Client Component Browser]
    ./Desktop/solar-dashboard/src/app/live/page.tsx [Server Component]

  Client Component SSR:
    ./Desktop/solar-dashboard/src/app/live/page.tsx [Client Component SSR]
    ./Desktop/solar-dashboard/src/app/live/page.tsx [Server Component]

https://nextjs.org/docs/messages/module-not-found @ http://localhost:3000/_next/static/chunks/0mwe_next_dist_0qr8_bd._.js:1945
[36579185ms] [LOG] [Fast Refresh] rebuilding @ http://localhost:3000/_next/static/chunks/0mwe_next_dist_0qr8_bd._.js:1226
[36579533ms] [ERROR] ./Desktop/solar-dashboard/src/app/live/page.tsx:9:1
Module not found: Can't resolve '@/lib/queries'
   7 | import { Skeleton } from "@/components/ui/skeleton";
   8 | import { ShimmerButton } from "@/components/magic/ShimmerButton";
>  9 | import { getDeviceStatuses } from "@/lib/queries";
     | ^^^^^^^^^^^^^^^^^^^^^^^^^^^^^^^^^^^^^^^^^^^^^^^^^^
  10 | import type { DeviceStatus } from "@/lib/types";
  11 |
  12 | export default function LiveCameraPage() {

Import map: aliased to relative './src/lib/queries' inside of [project]/Desktop/solar-dashboard

Import traces:
  Client Component Browser:
    ./Desktop/solar-dashboard/src/app/live/page.tsx [Client Component Browser]
    ./Desktop/solar-dashboard/src/app/live/page.tsx [Server Component]

  Client Component SSR:
    ./Desktop/solar-dashboard/src/app/live/page.tsx [Client Component SSR]
    ./Desktop/solar-dashboard/src/app/live/page.tsx [Server Component]

https://nextjs.org/docs/messages/module-not-found @ http://localhost:3000/_next/static/chunks/0mwe_next_dist_0qr8_bd._.js:1945
[36579561ms] [LOG] [Fast Refresh] rebuilding @ http://localhost:3000/_next/static/chunks/0mwe_next_dist_0qr8_bd._.js:1226
[36592134ms] [LOG] [Fast Refresh] rebuilding @ http://localhost:3000/_next/static/chunks/0mwe_next_dist_0qr8_bd._.js:1226
[36592891ms] [LOG] [Fast Refresh] done in 96ms @ http://localhost:3000/_next/static/chunks/0mwe_next_dist_0qr8_bd._.js:1226
[36593079ms] [INFO] %cDownload the React DevTools for a better development experience: https://react.dev/link/react-devtools font-weight:bold @ http://localhost:3000/_next/static/chunks/0mwe_next_dist_084zzre._.js:2477
[36593178ms] [LOG] [HMR] connected @ http://localhost:3000/_next/static/chunks/0mwe_next_dist_084zzre._.js:2477
[36593250ms] [WARNING] The width(-1) and height(-1) of chart should be greater than 0,
       please check the style of container, or the props width(100%) and height(100%),
       or add a minWidth(0) or minHeight(undefined) or use aspect(undefined) to control the
       height and width. @ http://localhost:3000/_next/static/chunks/0mwe_next_dist_084zzre._.js:2477
[36593250ms] [WARNING] The width(-1) and height(-1) of chart should be greater than 0,
       please check the style of container, or the props width(100%) and height(100%),
       or add a minWidth(0) or minHeight(undefined) or use aspect(undefined) to control the
       height and width. @ http://localhost:3000/_next/static/chunks/0mwe_next_dist_084zzre._.js:2477
[36593251ms] [WARNING] The width(-1) and height(-1) of chart should be greater than 0,
       please check the style of container, or the props width(100%) and height(100%),
       or add a minWidth(0) or minHeight(undefined) or use aspect(undefined) to control the
       height and width. @ http://localhost:3000/_next/static/chunks/0mwe_next_dist_084zzre._.js:2477
[36593252ms] [WARNING] The width(-1) and height(-1) of chart should be greater than 0,
       please check the style of container, or the props width(100%) and height(100%),
       or add a minWidth(0) or minHeight(undefined) or use aspect(undefined) to control the
       height and width. @ http://localhost:3000/_next/static/chunks/0mwe_next_dist_084zzre._.js:2477
[36593253ms] [WARNING] The width(-1) and height(-1) of chart should be greater than 0,
       please check the style of container, or the props width(100%) and height(100%),
       or add a minWidth(0) or minHeight(undefined) or use aspect(undefined) to control the
       height and width. @ http://localhost:3000/_next/static/chunks/0mwe_next_dist_084zzre._.js:2477
[36593253ms] [WARNING] The width(-1) and height(-1) of chart should be greater than 0,
       please check the style of container, or the props width(100%) and height(100%),
       or add a minWidth(0) or minHeight(undefined) or use aspect(undefined) to control the
       height and width. @ http://localhost:3000/_next/static/chunks/0mwe_next_dist_084zzre._.js:2477
[36593256ms] [WARNING] The width(-1) and height(-1) of chart should be greater than 0,
       please check the style of container, or the props width(100%) and height(100%),
       or add a minWidth(0) or minHeight(undefined) or use aspect(undefined) to control the
       height and width. @ http://localhost:3000/_next/static/chunks/0mwe_next_dist_084zzre._.js:2477
[36593256ms] [WARNING] The width(-1) and height(-1) of chart should be greater than 0,
       please check the style of container, or the props width(100%) and height(100%),
       or add a minWidth(0) or minHeight(undefined) or use aspect(undefined) to control the
       height and width. @ http://localhost:3000/_next/static/chunks/0mwe_next_dist_084zzre._.js:2477
[36657142ms] [LOG] [Fast Refresh] rebuilding @ http://localhost:3000/_next/static/chunks/0mwe_next_dist_084zzre._.js:2477
[36657223ms] [LOG] [Fast Refresh] done in 192ms @ http://localhost:3000/_next/static/chunks/0mwe_next_dist_084zzre._.js:2477
[36657358ms] [LOG] [Fast Refresh] rebuilding @ http://localhost:3000/_next/static/chunks/0mwe_next_dist_084zzre._.js:2477
[36657358ms] [LOG] [Fast Refresh] done in 106ms @ http://localhost:3000/_next/static/chunks/0mwe_next_dist_084zzre._.js:2477
[36659328ms] [LOG] [Fast Refresh] rebuilding @ http://localhost:3000/_next/static/chunks/0mwe_next_dist_084zzre._.js:2477
[36659433ms] [LOG] [Fast Refresh] done in 211ms @ http://localhost:3000/_next/static/chunks/0mwe_next_dist_084zzre._.js:2477
[36661025ms] [LOG] [Fast Refresh] rebuilding @ http://localhost:3000/_next/static/chunks/0mwe_next_dist_084zzre._.js:2477
[36661085ms] [LOG] [Fast Refresh] done in 173ms @ http://localhost:3000/_next/static/chunks/0mwe_next_dist_084zzre._.js:2477
[36663133ms] [LOG] [Fast Refresh] rebuilding @ http://localhost:3000/_next/static/chunks/0mwe_next_dist_084zzre._.js:2477
[36663182ms] [LOG] [Fast Refresh] done in 154ms @ http://localhost:3000/_next/static/chunks/0mwe_next_dist_084zzre._.js:2477
[36664534ms] [LOG] [Fast Refresh] rebuilding @ http://localhost:3000/_next/static/chunks/0mwe_next_dist_084zzre._.js:2477
[36664583ms] [LOG] [Fast Refresh] done in 152ms @ http://localhost:3000/_next/static/chunks/0mwe_next_dist_084zzre._.js:2477
[37490217ms] [LOG] [Fast Refresh] rebuilding @ http://localhost:3000/_next/static/chunks/0mwe_next_dist_084zzre._.js:2477
[37490805ms] [LOG] [Fast Refresh] done in 697ms @ http://localhost:3000/_next/static/chunks/0mwe_next_dist_084zzre._.js:2477
[37490920ms] [LOG] [Fast Refresh] rebuilding @ http://localhost:3000/_next/static/chunks/0mwe_next_dist_084zzre._.js:2477
[37491131ms] [LOG] [Fast Refresh] done in 318ms @ http://localhost:3000/_next/static/chunks/0mwe_next_dist_084zzre._.js:2477
[37491243ms] [LOG] [Fast Refresh] rebuilding @ http://localhost:3000/_next/static/chunks/0mwe_next_dist_084zzre._.js:2477
[37491627ms] [LOG] [Fast Refresh] done in 495ms @ http://localhost:3000/_next/static/chunks/0mwe_next_dist_084zzre._.js:2477
[37491981ms] [INFO] %cDownload the React DevTools for a better development experience: https://react.dev/link/react-devtools font-weight:bold @ http://localhost:3000/_next/static/chunks/0mwe_next_dist_084zzre._.js:2477
[37492018ms] [LOG] [HMR] connected @ http://localhost:3000/_next/static/chunks/0mwe_next_dist_084zzre._.js:2477
[37492132ms] [WARNING] The width(-1) and height(-1) of chart should be greater than 0,
       please check the style of container, or the props width(100%) and height(100%),
       or add a minWidth(0) or minHeight(undefined) or use aspect(undefined) to control the
       height and width. @ http://localhost:3000/_next/static/chunks/0mwe_next_dist_084zzre._.js:2477
[37492133ms] [WARNING] The width(-1) and height(-1) of chart should be greater than 0,
       please check the style of container, or the props width(100%) and height(100%),
       or add a minWidth(0) or minHeight(undefined) or use aspect(undefined) to control the
       height and width. @ http://localhost:3000/_next/static/chunks/0mwe_next_dist_084zzre._.js:2477
[37492135ms] [WARNING] The width(-1) and height(-1) of chart should be greater than 0,
       please check the style of container, or the props width(100%) and height(100%),
       or add a minWidth(0) or minHeight(undefined) or use aspect(undefined) to control the
       height and width. @ http://localhost:3000/_next/static/chunks/0mwe_next_dist_084zzre._.js:2477
[37492136ms] [WARNING] The width(-1) and height(-1) of chart should be greater than 0,
       please check the style of container, or the props width(100%) and height(100%),
       or add a minWidth(0) or minHeight(undefined) or use aspect(undefined) to control the
       height and width. @ http://localhost:3000/_next/static/chunks/0mwe_next_dist_084zzre._.js:2477
[37492137ms] [WARNING] The width(-1) and height(-1) of chart should be greater than 0,
       please check the style of container, or the props width(100%) and height(100%),
       or add a minWidth(0) or minHeight(undefined) or use aspect(undefined) to control the
       height and width. @ http://localhost:3000/_next/static/chunks/0mwe_next_dist_084zzre._.js:2477
[37492138ms] [WARNING] The width(-1) and height(-1) of chart should be greater than 0,
       please check the style of container, or the props width(100%) and height(100%),
       or add a minWidth(0) or minHeight(undefined) or use aspect(undefined) to control the
       height and width. @ http://localhost:3000/_next/static/chunks/0mwe_next_dist_084zzre._.js:2477
[37492139ms] [WARNING] The width(-1) and height(-1) of chart should be greater than 0,
       please check the style of container, or the props width(100%) and height(100%),
       or add a minWidth(0) or minHeight(undefined) or use aspect(undefined) to control the
       height and width. @ http://localhost:3000/_next/static/chunks/0mwe_next_dist_084zzre._.js:2477
[37492139ms] [WARNING] The width(-1) and height(-1) of chart should be greater than 0,
       please check the style of container, or the props width(100%) and height(100%),
       or add a minWidth(0) or minHeight(undefined) or use aspect(undefined) to control the
       height and width. @ http://localhost:3000/_next/static/chunks/0mwe_next_dist_084zzre._.js:2477
[37499061ms] [LOG] [Fast Refresh] rebuilding @ http://localhost:3000/_next/static/chunks/0mwe_next_dist_084zzre._.js:2477
[37499112ms] [LOG] [Fast Refresh] done in 112ms @ http://localhost:3000/_next/static/chunks/0mwe_next_dist_084zzre._.js:2477
[37499219ms] [LOG] [Fast Refresh] rebuilding @ http://localhost:3000/_next/static/chunks/0mwe_next_dist_084zzre._.js:2477
[37499412ms] [LOG] [Fast Refresh] done in 296ms @ http://localhost:3000/_next/static/chunks/0mwe_next_dist_084zzre._.js:2477
[37499641ms] [LOG] [Fast Refresh] rebuilding @ http://localhost:3000/_next/static/chunks/0mwe_next_dist_084zzre._.js:2477
[37499923ms] [LOG] [Fast Refresh] done in 388ms @ http://localhost:3000/_next/static/chunks/0mwe_next_dist_084zzre._.js:2477
[37537415ms] [LOG] [Fast Refresh] rebuilding @ http://localhost:3000/_next/static/chunks/0mwe_next_dist_084zzre._.js:2477
[37537608ms] [LOG] [Fast Refresh] done in 298ms @ http://localhost:3000/_next/static/chunks/0mwe_next_dist_084zzre._.js:2477
[37537711ms] [LOG] [Fast Refresh] rebuilding @ http://localhost:3000/_next/static/chunks/0mwe_next_dist_084zzre._.js:2477
[37537890ms] [LOG] [Fast Refresh] done in 280ms @ http://localhost:3000/_next/static/chunks/0mwe_next_dist_084zzre._.js:2477
[37538087ms] [LOG] [Fast Refresh] rebuilding @ http://localhost:3000/_next/static/chunks/0mwe_next_dist_084zzre._.js:2477
[37538215ms] [LOG] [Fast Refresh] done in 229ms @ http://localhost:3000/_next/static/chunks/0mwe_next_dist_084zzre._.js:2477
[37591306ms] [LOG] [Fast Refresh] rebuilding @ http://localhost:3000/_next/static/chunks/0mwe_next_dist_084zzre._.js:2477
[37591725ms] [LOG] [Fast Refresh] done in 408ms @ http://localhost:3000/_next/static/chunks/0mwe_next_dist_084zzre._.js:2477
[37591784ms] [WARNING] The width(-1) and height(-1) of chart should be greater than 0,
       please check the style of container, or the props width(100%) and height(100%),
       or add a minWidth(0) or minHeight(undefined) or use aspect(undefined) to control the
       height and width. @ http://localhost:3000/_next/static/chunks/0mwe_next_dist_084zzre._.js:2477
[37591785ms] [WARNING] The width(-1) and height(-1) of chart should be greater than 0,
       please check the style of container, or the props width(100%) and height(100%),
       or add a minWidth(0) or minHeight(undefined) or use aspect(undefined) to control the
       height and width. @ http://localhost:3000/_next/static/chunks/0mwe_next_dist_084zzre._.js:2477
[37591787ms] [WARNING] The width(-1) and height(-1) of chart should be greater than 0,
       please check the style of container, or the props width(100%) and height(100%),
       or add a minWidth(0) or minHeight(undefined) or use aspect(undefined) to control the
       height and width. @ http://localhost:3000/_next/static/chunks/0mwe_next_dist_084zzre._.js:2477
[37591787ms] [WARNING] The width(-1) and height(-1) of chart should be greater than 0,
       please check the style of container, or the props width(100%) and height(100%),
       or add a minWidth(0) or minHeight(undefined) or use aspect(undefined) to control the
       height and width. @ http://localhost:3000/_next/static/chunks/0mwe_next_dist_084zzre._.js:2477
[37591788ms] [WARNING] The width(-1) and height(-1) of chart should be greater than 0,
       please check the style of container, or the props width(100%) and height(100%),
       or add a minWidth(0) or minHeight(undefined) or use aspect(undefined) to control the
       height and width. @ http://localhost:3000/_next/static/chunks/0mwe_next_dist_084zzre._.js:2477
[37591789ms] [WARNING] The width(-1) and height(-1) of chart should be greater than 0,
       please check the style of container, or the props width(100%) and height(100%),
       or add a minWidth(0) or minHeight(undefined) or use aspect(undefined) to control the
       height and width. @ http://localhost:3000/_next/static/chunks/0mwe_next_dist_084zzre._.js:2477
[37591791ms] [WARNING] The width(-1) and height(-1) of chart should be greater than 0,
       please check the style of container, or the props width(100%) and height(100%),
       or add a minWidth(0) or minHeight(undefined) or use aspect(undefined) to control the
       height and width. @ http://localhost:3000/_next/static/chunks/0mwe_next_dist_084zzre._.js:2477
[37591791ms] [WARNING] The width(-1) and height(-1) of chart should be greater than 0,
       please check the style of container, or the props width(100%) and height(100%),
       or add a minWidth(0) or minHeight(undefined) or use aspect(undefined) to control the
       height and width. @ http://localhost:3000/_next/static/chunks/0mwe_next_dist_084zzre._.js:2477
[37591962ms] [LOG] [Fast Refresh] rebuilding @ http://localhost:3000/_next/static/chunks/0mwe_next_dist_084zzre._.js:2477
[37591963ms] [LOG] [Fast Refresh] done in 233ms @ http://localhost:3000/_next/static/chunks/0mwe_next_dist_084zzre._.js:2477
[37602663ms] [LOG] [Fast Refresh] rebuilding @ http://localhost:3000/_next/static/chunks/0mwe_next_dist_084zzre._.js:2477
[37602810ms] [LOG] [Fast Refresh] done in 246ms @ http://localhost:3000/_next/static/chunks/0mwe_next_dist_084zzre._.js:2477
[37602914ms] [LOG] [Fast Refresh] rebuilding @ http://localhost:3000/_next/static/chunks/0mwe_next_dist_084zzre._.js:2477
[37603072ms] [LOG] [Fast Refresh] done in 258ms @ http://localhost:3000/_next/static/chunks/0mwe_next_dist_084zzre._.js:2477
[37603300ms] [LOG] [Fast Refresh] rebuilding @ http://localhost:3000/_next/static/chunks/0mwe_next_dist_084zzre._.js:2477
[37603572ms] [LOG] [Fast Refresh] done in 376ms @ http://localhost:3000/_next/static/chunks/0mwe_next_dist_084zzre._.js:2477
[37616827ms] [LOG] [Fast Refresh] rebuilding @ http://localhost:3000/_next/static/chunks/0mwe_next_dist_084zzre._.js:2477
[37617148ms] [LOG] [Fast Refresh] done in 73ms @ http://localhost:3000/_next/static/chunks/0mwe_next_dist_084zzre._.js:2477
[37687162ms] [LOG] [Fast Refresh] rebuilding @ http://localhost:3000/_next/static/chunks/0mwe_next_dist_084zzre._.js:2477
[37687690ms] [LOG] [Fast Refresh] done in 641ms @ http://localhost:3000/_next/static/chunks/0mwe_next_dist_084zzre._.js:2477
[37694376ms] [LOG] [Fast Refresh] rebuilding @ http://localhost:3000/_next/static/chunks/0mwe_next_dist_084zzre._.js:2477
[37694455ms] [LOG] [Fast Refresh] done in 193ms @ http://localhost:3000/_next/static/chunks/0mwe_next_dist_084zzre._.js:2477
[37695792ms] [LOG] [Fast Refresh] rebuilding @ http://localhost:3000/_next/static/chunks/0mwe_next_dist_084zzre._.js:2477
[37695873ms] [LOG] [Fast Refresh] done in 195ms @ http://localhost:3000/_next/static/chunks/0mwe_next_dist_084zzre._.js:2477
[37708807ms] [LOG] [Fast Refresh] rebuilding @ http://localhost:3000/_next/static/chunks/0mwe_next_dist_084zzre._.js:2477
[37708914ms] [LOG] [Fast Refresh] done in 214ms @ http://localhost:3000/_next/static/chunks/0mwe_next_dist_084zzre._.js:2477
